// Jest Snapshot v1, https://goo.gl/fbAQLP

exports[`Testing UserDetails component Test form 1`] = `ShallowWrapper {}`;

exports[`Testing UserDetails component Test form and snapshot 1`] = `ShallowWrapper {}`;

exports[`Testing UserDetails component Test mount and props 1`] = `ShallowWrapper {}`;
